	write_command	= $964	; ?
	set_row_color_03	= $948
	set_row_color_02	= $940	; ?
	set_row_color_01	= $939
	key_wait	= $8da
	CLEAR_SCREEN	= $e544
	SET_CURSOR	= $e50a
	not_found	= $81a	; ?
	key_return	= $908	; ?
	read_picosid	= $97b	; ?
	menu_entry_03	= $b15	; ?
	menu_control_action_02	= $a6c	; ?
	menu_entry_02	= $b0c	; ?
	menu_entry_01	= $b03	; ?
	menu_control_action_00	= $a5a	; ?
	GETIN	= $ffe4
	menu_entry_00	= $afa	; ?
	menu_control_action_01	= $a6a	; ?
	menu_control_up	= $a0c	; ?
	menu_entry_04	= $b1e	; ?
	menu_01	= $b2f	; ?
	menu_00	= $b23	; ?
	menu_03	= $b59	; ?
	menu_02	= $b42	; ?
	menu_04	= $b6a	; ?
	error_txt_pico_not_found	= $a7b	; ?
	version_txt	= $a98	; ?
	key_up	= $8f4	; ?
	draw_menu_00	= $9d6
	set_sid_model_0	= $8a3	; ?
	no	= $b85	; ?
	set_sid_model_1	= $8a4	; ?
	color_01	= $9e2	; ?
	ende	= $929	; ?
	start_01	= $822	; ?
	PRINT	= $ab1e
	author_txt	= $acf	; ?
	code_str	= $a71	; ?
	model_8580	= $b78	; ?
	PRINT_COLOR	= $286
	write_command_01	= $967
	menu_control_down_end	= $a3b	; ?
	draw_menu_entry_00	= $9ba	; ?
	CLEAR_SCREEN_LINE	= $e9ff	; unused
	menu_control_up_end	= $a22	; ?
	yes	= $b81	; ?
	set_row_color	= $932	; unused
	start	= $810	; unused
	set_filter_0	= $8af	; ?
	set_filter_1	= $8b0	; ?
	model_6581	= $b6f	; ?
	menu	= $aec	; ?
	set_extfilter_1	= $8bc	; ?
	set_extfilter_0	= $8bb	; ?
	set_digiboost_0	= $8c7	; ?
	set_digiboost_1	= $8c8	; ?
	new_draw_menu	= $91f	; ?
	exist_thepicosid	= $94e	; ?
	draw_menu_entry	= $97f
	exist	= $961	; ?
	PICO_SID_REG	= $d41d
	menu_control_action	= $a3c	; ?
	menu_control_down	= $a23	; ?
	title_txt	= $ab0	; ?
	draw_menu	= $9bb	; ?
	key_down	= $8fe	; ?
