	write_command	= $90f	; ?
	set_row_color_03	= $8f3
	set_row_color_02	= $8eb	; ?
	set_row_color_01	= $8e4
	key_wait	= $898
	CLEAR_SCREEN	= $e544
	SET_CURSOR	= $e50a
	not_found	= $81a	; ?
	key_return	= $8c6	; ?
	read_picosid	= $926	; ?
	menu_entry_03	= $abd	; ?
	menu_control_action_02	= $a14	; ?
	menu_entry_02	= $ab4	; ?
	menu_control_action_00	= $a02	; ?
	menu_entry_01	= $aab	; ?
	GETIN	= $ffe4
	menu_control_action_01	= $a12	; ?
	menu_entry_00	= $aa2	; ?
	menu_control_up	= $9b4	; ?
	menu_entry_04	= $ac6	; ?
	menu_01	= $ad7	; ?
	menu_00	= $acb	; ?
	menu_03	= $b01	; ?
	menu_02	= $aea	; ?
	menu_04	= $b12	; ?
	error_txt_pico_not_found	= $a23	; ?
	version_txt	= $a40	; ?
	key_up	= $8b2	; ?
	draw_menu_00	= $97e
	no	= $b2d	; ?
	color_01	= $98a	; ?
	ende	= $8d9	; ?
	start_01	= $822	; ?
	PRINT	= $ab1e
	author_txt	= $a77	; ?
	code_str	= $a19	; ?
	model_8580	= $b20	; ?
	PRINT_COLOR	= $286
	write_command_01	= $912
	menu_control_down_end	= $9e3	; ?
	draw_menu_entry_00	= $962	; ?
	CLEAR_SCREEN_LINE	= $e9ff	; unused
	menu_control_up_end	= $9ca	; ?
	yes	= $b29	; ?
	set_row_color	= $8dd	; unused
	start	= $810	; unused
	model_6581	= $b17	; ?
	menu	= $a94	; ?
	new_draw_menu	= $8cf	; ?
	exist_thepicosid	= $8f9	; ?
	draw_menu_entry	= $92a
	exist	= $90c	; ?
	PICO_SID_REG	= $d41d
	menu_control_action	= $9e4	; ?
	menu_control_down	= $9cb	; ?
	title_txt	= $a58	; ?
	draw_menu	= $963	; ?
	key_down	= $8bc	; ?
