	write_command	= $8eb	; ?
	set_row_color_03	= $8cf
	set_row_color_02	= $8c7	; ?
	set_row_color_01	= $8c0
	key_wait	= $898
	CLEAR_SCREEN	= $e544
	SET_CURSOR	= $e50a
	not_found	= $81a	; ?
	key_return	= $8ae	; ?
	read_picosid	= $902	; ?
	menu_entry_03	= $a33	; ?
	menu_entry_02	= $a2a	; ?
	menu_entry_01	= $a21	; ?
	GETIN	= $ffe4
	menu_entry_00	= $a18	; ?
	menu_01	= $a48	; ?
	menu_00	= $a3c	; ?
	menu_03	= $a72	; ?
	menu_02	= $a5b	; ?
	error_txt_pico_not_found	= $99b	; ?
	version_txt	= $9b8	; ?
	key_up	= $8ae	; ?
	draw_menu_00	= $95b
	no	= $a99	; ?
	color_01	= $967	; ?
	ende	= $8b8	; unused
	start_01	= $822	; ?
	PRINT	= $ab1e
	author_txt	= $9ef	; ?
	code_str	= $991	; ?
	model_8580	= $a8c	; ?
	PRINT_COLOR	= $286
	write_command_01	= $8ee
	CLEAR_SCREEN_LINE	= $e9ff
	yes	= $a95	; ?
	set_row_color	= $8b9	; unused
	start	= $810	; unused
	model_6581	= $a83	; ?
	menu	= $a0c	; ?
	exist_thepicosid	= $8d5	; ?
	draw_menu_entry	= $906
	exist	= $8e8	; ?
	PICO_SID_REG	= $d41d
	title_txt	= $9d0	; ?
	draw_menu	= $940	; ?
	key_down	= $8ae	; ?
