	write_command	= $96d	; ?
	set_row_color_03	= $951
	set_row_color_02	= $949	; ?
	set_row_color_01	= $942
	key_wait	= $8da
	CLEAR_SCREEN	= $e544
	SET_CURSOR	= $e50a
	not_found	= $81a	; ?
	key_return	= $908	; ?
	read_picosid	= $984	; ?
	menu_entry_03	= $b1e	; ?
	menu_control_action_02	= $a75	; ?
	menu_entry_02	= $b15	; ?
	menu_entry_01	= $b0c	; ?
	menu_control_action_00	= $a63	; ?
	GETIN	= $ffe4
	menu_entry_00	= $b03	; ?
	menu_control_action_01	= $a73	; ?
	menu_control_up	= $a15	; ?
	menu_entry_04	= $b27	; ?
	menu_01	= $b38	; ?
	menu_00	= $b2c	; ?
	menu_03	= $b62	; ?
	menu_02	= $b4b	; ?
	menu_04	= $b73	; ?
	error_txt_pico_not_found	= $a84	; ?
	version_txt	= $aa1	; ?
	key_up	= $8f4	; ?
	draw_menu_00	= $9df
	set_sid_model_0	= $8a3	; ?
	no	= $b8e	; ?
	set_sid_model_1	= $8a4	; ?
	color_01	= $9eb	; ?
	ende	= $932	; ?
	start_01	= $822	; ?
	PRINT	= $ab1e
	author_txt	= $ad8	; ?
	code_str	= $a7a	; ?
	model_8580	= $b81	; ?
	PRINT_COLOR	= $286
	write_command_01	= $970
	menu_control_down_end	= $a44	; ?
	draw_menu_entry_00	= $9c3	; ?
	CLEAR_SCREEN_LINE	= $e9ff	; unused
	menu_control_up_end	= $a2b	; ?
	yes	= $b8a	; ?
	set_row_color	= $93b	; unused
	start	= $810	; unused
	set_filter_0	= $8af	; ?
	set_filter_1	= $8b0	; ?
	model_6581	= $b78	; ?
	menu	= $af5	; ?
	set_extfilter_1	= $8bc	; ?
	set_extfilter_0	= $8bb	; ?
	set_digiboost_0	= $8c7	; ?
	set_digiboost_1	= $8c8	; ?
	new_draw_menu	= $928	; ?
	exist_thepicosid	= $957	; ?
	draw_menu_entry	= $988
	exist	= $96a	; ?
	PICO_SID_REG	= $d41d
	menu_control_action	= $a45	; ?
	menu_control_down	= $a2c	; ?
	title_txt	= $ab9	; ?
	draw_menu	= $9c4	; ?
	key_down	= $8fe	; ?
